INFO:  latexindent.pl version 4.0, 2026-03-15, a script to indent .tex files
       latexindent.pl lives here: C:/Users/lidal/AppData/Local/Programs/MiKTeX/scripts/latexindent/
       Mon Sep 28 11:09:02 2026
       Filename: c:/Users/lidal/OneDrive/0 - My Files/1 - Mastery/Dissertação/Notes of Framed Structures/Framed Structures/book/main/part-1/chapter-02/__latexindent_temp_chapter-02.tex
INFO:  Processing switches:
       -l|--localSettings: Read localSettings YAML file
       -m|--modifylinebreaks: modify line breaks
       -c|--cruft: cruft directory
INFO:  Directory for backup files and log file temp\indent.log:
       temp\
INFO:  Perl modules are being loaded from the following directories:
       C:/Strawberry/perl/lib/FindBin.pm
       C:/Strawberry/perl/vendor/lib/YAML/Tiny.pm
       C:/Strawberry/perl/lib/File/Copy.pm
       C:/Strawberry/perl/lib/File/Basename.pm
       C:/Strawberry/perl/lib/Getopt/Long.pm
       C:/Strawberry/perl/vendor/lib/File/HomeDir.pm
INFO:  LatexIndent perl modules are being loaded from, for example:
       C:/Users/lidal/AppData/Local/Programs/MiKTeX/scripts/latexindent/LatexIndent/Document.pm
INFO:  YAML settings read: defaultSettings.yaml
       Reading defaultSettings.yaml from C:/Users/lidal/AppData/Local/Programs/MiKTeX/scripts/latexindent/defaultSettings.yaml
INFO:  YAML reading settings
       Home directory is C:\Users\lidal
       latexindent.pl didn't find indentconfig.yaml or .indentconfig.yaml
       see all possible locations: https://latexindentpl.readthedocs.io/en/latest/sec-appendices.html#indentconfig-options
INFO:  YAML settings read: -l switch
WARN:  yaml file not found: c:/Users/lidal/OneDrive/0 - My Files/1 - Mastery/Dissertação/Notes of Framed Structures/Framed Structures/latexindent.yaml not found. Proceeding without it.
INFO:  Output routine:
       Not outputting to file; see -w and -o switches for more options.
       --------------
INFO:  Please direct all communication/issues to:
       https://github.com/cmhughes/latexindent.pl
       documentation: https://latexindentpl.readthedocs.io/en/latest/
